// Jest Snapshot v1, https://goo.gl/fbAQLP

exports[`docs works for base types 1`] = `" | "`;
